// Jest Snapshot v1, https://goo.gl/fbAQLP

exports[`toMatch snapshot 1`] = `
<div
  className="MuiPaper-root MuiTableContainer-root makeStyles-tableContainer-14 MuiPaper-elevation1 MuiPaper-rounded"
>
  <table
    aria-label="simple table"
    className="MuiTable-root"
    role={null}
    sx={
      Object {
        "minWidth": 650,
      }
    }
  >
    <thead
      className="MuiTableHead-root"
      role={null}
    >
      <tr
        className="MuiTableRow-root MuiTableRow-head"
        role={null}
      >
        <th
          aria-sort={null}
          className="MuiTableCell-root MuiTableCell-head makeStyles-tableHeaderCell-15"
          data-testid="user-info-test-id"
          scope="col"
        >
          User Info
        </th>
        <th
          aria-sort={null}
          className="MuiTableCell-root MuiTableCell-head makeStyles-tableHeaderCell-15"
          data-testid="job-info-test-id"
          scope="col"
        >
          Job Info
        </th>
        <th
          aria-sort={null}
          className="MuiTableCell-root MuiTableCell-head makeStyles-tableHeaderCell-15"
          scope="col"
        >
          Joining Date
        </th>
        <th
          aria-sort={null}
          className="MuiTableCell-root MuiTableCell-head makeStyles-tableHeaderCell-15"
          scope="col"
        >
          Status
        </th>
      </tr>
    </thead>
    <tbody
      className="MuiTableBody-root"
      role={null}
    >
      <tr
        className="MuiTableRow-root"
        role={null}
      >
        <td
          aria-sort={null}
          className="MuiTableCell-root MuiTableCell-body"
        >
          <div
            className="MuiGrid-root MuiGrid-container"
          >
            <div
              className="MuiGrid-root MuiGrid-item MuiGrid-grid-lg-2"
            >
              <div
                className="MuiAvatar-root MuiAvatar-circular makeStyles-avatar-16"
              >
                <img
                  alt="Charlene Fisher PhD"
                  className="MuiAvatar-img"
                  src="."
                />
              </div>
            </div>
            <div
              className="MuiGrid-root MuiGrid-item MuiGrid-grid-lg-10"
            >
              <p
                className="MuiTypography-root makeStyles-name-17 MuiTypography-body1"
              >
                Charlene Fisher PhD
              </p>
              <p
                className="MuiTypography-root MuiTypography-body2 MuiTypography-colorTextSecondary"
              >
                Nelle_Sawayn@hotmail.com
              </p>
              <p
                className="MuiTypography-root MuiTypography-body2 MuiTypography-colorTextSecondary"
              >
                1-419-805-5817 x170
              </p>
            </div>
          </div>
        </td>
        <td
          aria-sort={null}
          className="MuiTableCell-root MuiTableCell-body"
        >
          <h6
            className="MuiTypography-root MuiTypography-subtitle2 MuiTypography-colorPrimary"
          >
            Human Tactics Producer
          </h6>
          <p
            className="MuiTypography-root MuiTypography-body2 MuiTypography-colorTextSecondary"
          >
            Oberbrunner, Altenwerth and Roberts
          </p>
        </td>
        <td
          aria-sort={null}
          className="MuiTableCell-root MuiTableCell-body"
        >
          12/22/2020
        </td>
        <td
          aria-sort={null}
          className="MuiTableCell-root MuiTableCell-body"
        >
          <p
            className="MuiTypography-root makeStyles-status-18 MuiTypography-body1"
            style={
              Object {
                "backgroundColor": "green",
              }
            }
          >
            Active
          </p>
        </td>
      </tr>
      <tr
        className="MuiTableRow-root"
        role={null}
      >
        <td
          aria-sort={null}
          className="MuiTableCell-root MuiTableCell-body"
        >
          <div
            className="MuiGrid-root MuiGrid-container"
          >
            <div
              className="MuiGrid-root MuiGrid-item MuiGrid-grid-lg-2"
            >
              <div
                className="MuiAvatar-root MuiAvatar-circular makeStyles-avatar-16"
              >
                <img
                  alt="Julius Torphy"
                  className="MuiAvatar-img"
                  src="."
                />
              </div>
            </div>
            <div
              className="MuiGrid-root MuiGrid-item MuiGrid-grid-lg-10"
            >
              <p
                className="MuiTypography-root makeStyles-name-17 MuiTypography-body1"
              >
                Julius Torphy
              </p>
              <p
                className="MuiTypography-root MuiTypography-body2 MuiTypography-colorTextSecondary"
              >
                Maria69@hotmail.com
              </p>
              <p
                className="MuiTypography-root MuiTypography-body2 MuiTypography-colorTextSecondary"
              >
                (431) 217-6232 x10720
              </p>
            </div>
          </div>
        </td>
        <td
          aria-sort={null}
          className="MuiTableCell-root MuiTableCell-body"
        >
          <h6
            className="MuiTypography-root MuiTypography-subtitle2 MuiTypography-colorPrimary"
          >
            District Implementation Producer
          </h6>
          <p
            className="MuiTypography-root MuiTypography-body2 MuiTypography-colorTextSecondary"
          >
            Kilback - Runte
          </p>
        </td>
        <td
          aria-sort={null}
          className="MuiTableCell-root MuiTableCell-body"
        >
          12/10/2020
        </td>
        <td
          aria-sort={null}
          className="MuiTableCell-root MuiTableCell-body"
        >
          <p
            className="MuiTypography-root makeStyles-status-18 MuiTypography-body1"
            style={
              Object {
                "backgroundColor": "orange",
              }
            }
          >
            Blocked
          </p>
        </td>
      </tr>
      <tr
        className="MuiTableRow-root"
        role={null}
      >
        <td
          aria-sort={null}
          className="MuiTableCell-root MuiTableCell-body"
        >
          <div
            className="MuiGrid-root MuiGrid-container"
          >
            <div
              className="MuiGrid-root MuiGrid-item MuiGrid-grid-lg-2"
            >
              <div
                className="MuiAvatar-root MuiAvatar-circular makeStyles-avatar-16"
              >
                <img
                  alt="Gregg O'Conner"
                  className="MuiAvatar-img"
                  src="."
                />
              </div>
            </div>
            <div
              className="MuiGrid-root MuiGrid-item MuiGrid-grid-lg-10"
            >
              <p
                className="MuiTypography-root makeStyles-name-17 MuiTypography-body1"
              >
                Gregg O'Conner
              </p>
              <p
                className="MuiTypography-root MuiTypography-body2 MuiTypography-colorTextSecondary"
              >
                Leann_Corwin@hotmail.com
              </p>
              <p
                className="MuiTypography-root MuiTypography-body2 MuiTypography-colorTextSecondary"
              >
                (960) 508-9382 x111
              </p>
            </div>
          </div>
        </td>
        <td
          aria-sort={null}
          className="MuiTableCell-root MuiTableCell-body"
        >
          <h6
            className="MuiTypography-root MuiTypography-subtitle2 MuiTypography-colorPrimary"
          >
            Central Group Associate
          </h6>
          <p
            className="MuiTypography-root MuiTypography-body2 MuiTypography-colorTextSecondary"
          >
            Zemlak and Sons
          </p>
        </td>
        <td
          aria-sort={null}
          className="MuiTableCell-root MuiTableCell-body"
        >
          6/13/2021
        </td>
        <td
          aria-sort={null}
          className="MuiTableCell-root MuiTableCell-body"
        >
          <p
            className="MuiTypography-root makeStyles-status-18 MuiTypography-body1"
            style={
              Object {
                "backgroundColor": "green",
              }
            }
          >
            Active
          </p>
        </td>
      </tr>
      <tr
        className="MuiTableRow-root"
        role={null}
      >
        <td
          aria-sort={null}
          className="MuiTableCell-root MuiTableCell-body"
        >
          <div
            className="MuiGrid-root MuiGrid-container"
          >
            <div
              className="MuiGrid-root MuiGrid-item MuiGrid-grid-lg-2"
            >
              <div
                className="MuiAvatar-root MuiAvatar-circular makeStyles-avatar-16"
              >
                <img
                  alt="Laurie Kessler"
                  className="MuiAvatar-img"
                  src="."
                />
              </div>
            </div>
            <div
              className="MuiGrid-root MuiGrid-item MuiGrid-grid-lg-10"
            >
              <p
                className="MuiTypography-root makeStyles-name-17 MuiTypography-body1"
              >
                Laurie Kessler
              </p>
              <p
                className="MuiTypography-root MuiTypography-body2 MuiTypography-colorTextSecondary"
              >
                Mallie21@hotmail.com
              </p>
              <p
                className="MuiTypography-root MuiTypography-body2 MuiTypography-colorTextSecondary"
              >
                592-990-7828 x6664
              </p>
            </div>
          </div>
        </td>
        <td
          aria-sort={null}
          className="MuiTableCell-root MuiTableCell-body"
        >
          <h6
            className="MuiTypography-root MuiTypography-subtitle2 MuiTypography-colorPrimary"
          >
            Global Integration Administrator
          </h6>
          <p
            className="MuiTypography-root MuiTypography-body2 MuiTypography-colorTextSecondary"
          >
            Kuhic and Sons
          </p>
        </td>
        <td
          aria-sort={null}
          className="MuiTableCell-root MuiTableCell-body"
        >
          4/22/2021
        </td>
        <td
          aria-sort={null}
          className="MuiTableCell-root MuiTableCell-body"
        >
          <p
            className="MuiTypography-root makeStyles-status-18 MuiTypography-body1"
            style={
              Object {
                "backgroundColor": "orange",
              }
            }
          >
            Blocked
          </p>
        </td>
      </tr>
      <tr
        className="MuiTableRow-root"
        role={null}
      >
        <td
          aria-sort={null}
          className="MuiTableCell-root MuiTableCell-body"
        >
          <div
            className="MuiGrid-root MuiGrid-container"
          >
            <div
              className="MuiGrid-root MuiGrid-item MuiGrid-grid-lg-2"
            >
              <div
                className="MuiAvatar-root MuiAvatar-circular makeStyles-avatar-16"
              >
                <img
                  alt="Della Fahey"
                  className="MuiAvatar-img"
                  src="."
                />
              </div>
            </div>
            <div
              className="MuiGrid-root MuiGrid-item MuiGrid-grid-lg-10"
            >
              <p
                className="MuiTypography-root makeStyles-name-17 MuiTypography-body1"
              >
                Della Fahey
              </p>
              <p
                className="MuiTypography-root MuiTypography-body2 MuiTypography-colorTextSecondary"
              >
                Lucius.Rowe@yahoo.com
              </p>
              <p
                className="MuiTypography-root MuiTypography-body2 MuiTypography-colorTextSecondary"
              >
                (386) 649-2786
              </p>
            </div>
          </div>
        </td>
        <td
          aria-sort={null}
          className="MuiTableCell-root MuiTableCell-body"
        >
          <h6
            className="MuiTypography-root MuiTypography-subtitle2 MuiTypography-colorPrimary"
          >
            Lead Group Specialist
          </h6>
          <p
            className="MuiTypography-root MuiTypography-body2 MuiTypography-colorTextSecondary"
          >
            Turcotte LLC
          </p>
        </td>
        <td
          aria-sort={null}
          className="MuiTableCell-root MuiTableCell-body"
        >
          3/11/2021
        </td>
        <td
          aria-sort={null}
          className="MuiTableCell-root MuiTableCell-body"
        >
          <p
            className="MuiTypography-root makeStyles-status-18 MuiTypography-body1"
            style={
              Object {
                "backgroundColor": "orange",
              }
            }
          >
            Blocked
          </p>
        </td>
      </tr>
    </tbody>
    <tfoot
      className="MuiTableFooter-root"
      role={null}
    >
      <div>
        <button
          data-testid="TablePagination-onPageChange"
          type="button"
        >
          onPageChange
        </button>
        <button
          data-testid="TablePagination-onRowsPerPageChange"
          type="button"
        >
          onRowsPerPageChange
        </button>
        <div
          className="MuiTablePagination-root"
        >
          <div
            className="MuiToolbar-root MuiToolbar-regular MuiTablePagination-toolbar MuiToolbar-gutters"
          >
            <div
              className="MuiTablePagination-spacer"
            />
            <p
              className="MuiTypography-root MuiTablePagination-caption MuiTypography-body2 MuiTypography-colorInherit"
            >
              Rows per page:
            </p>
            <div
              className="MuiInputBase-root MuiTablePagination-input MuiTablePagination-selectRoot"
              onClick={[Function]}
            >
              <div
                aria-haspopup="listbox"
                className="MuiSelect-root MuiSelect-select MuiTablePagination-select MuiSelect-selectMenu MuiInputBase-input"
                onBlur={[Function]}
                onFocus={[Function]}
                onKeyDown={[Function]}
                onMouseDown={[Function]}
                role="button"
                tabIndex={0}
              >
                5
              </div>
              <input
                aria-hidden={true}
                className="MuiSelect-nativeInput"
                onAnimationStart={[Function]}
                onChange={[Function]}
                tabIndex={-1}
                value={5}
              />
              <svg
                aria-hidden={true}
                className="MuiSvgIcon-root MuiSelect-icon MuiTablePagination-selectIcon"
                focusable="false"
                viewBox="0 0 24 24"
              >
                <path
                  d="M7 10l5 5 5-5z"
                />
              </svg>
            </div>
            <p
              className="MuiTypography-root MuiTablePagination-caption MuiTypography-body2 MuiTypography-colorInherit"
            >
              1-5 of 6
            </p>
            <div
              className="MuiTablePagination-actions"
            >
              <button
                aria-label="Previous page"
                className="MuiButtonBase-root MuiIconButton-root MuiIconButton-colorInherit Mui-disabled Mui-disabled"
                disabled={true}
                onBlur={[Function]}
                onClick={[Function]}
                onDragLeave={[Function]}
                onFocus={[Function]}
                onKeyDown={[Function]}
                onKeyUp={[Function]}
                onMouseDown={[Function]}
                onMouseLeave={[Function]}
                onMouseUp={[Function]}
                onTouchEnd={[Function]}
                onTouchMove={[Function]}
                onTouchStart={[Function]}
                tabIndex={-1}
                title="Previous page"
                type="button"
              >
                <span
                  className="MuiIconButton-label"
                >
                  <svg
                    aria-hidden={true}
                    className="MuiSvgIcon-root"
                    focusable="false"
                    viewBox="0 0 24 24"
                  >
                    <path
                      d="M15.41 16.09l-4.58-4.59 4.58-4.59L14 5.5l-6 6 6 6z"
                    />
                  </svg>
                </span>
              </button>
              <button
                aria-label="Next page"
                className="MuiButtonBase-root MuiIconButton-root MuiIconButton-colorInherit"
                disabled={false}
                onBlur={[Function]}
                onClick={[Function]}
                onDragLeave={[Function]}
                onFocus={[Function]}
                onKeyDown={[Function]}
                onKeyUp={[Function]}
                onMouseDown={[Function]}
                onMouseLeave={[Function]}
                onMouseUp={[Function]}
                onTouchEnd={[Function]}
                onTouchMove={[Function]}
                onTouchStart={[Function]}
                tabIndex={0}
                title="Next page"
                type="button"
              >
                <span
                  className="MuiIconButton-label"
                >
                  <svg
                    aria-hidden={true}
                    className="MuiSvgIcon-root"
                    focusable="false"
                    viewBox="0 0 24 24"
                  >
                    <path
                      d="M8.59 16.34l4.58-4.59-4.58-4.59L10 5.75l6 6-6 6z"
                    />
                  </svg>
                </span>
              </button>
            </div>
          </div>
        </div>
      </div>
    </tfoot>
  </table>
</div>
`;
